// Vitest Snapshot v1, https://vitest.dev/guide/snapshot.html

exports[`푸시 카탈로그 locale 계약 > 기존 알림의 문구 선택 키·순서·개수를 유지한다 1`] = `
{
  "RETENTION_TEMPLATES": [
    [
      "D0:d0_no_todo",
      3,
    ],
    [
      "D1:d1_no_todo",
      3,
    ],
    [
      "D1:d1_has_todo_no_completion",
      3,
    ],
    [
      "D3:d3_restart",
      3,
    ],
    [
      "D7:d7_has_progress",
      3,
    ],
    [
      "D7:d7_restart",
      3,
    ],
  ],
  "SCHEDULER_TEMPLATES": [
    [
      "TODO_REMINDER_60MIN",
      3,
    ],
    [
      "TODO_REMINDER_10MIN",
      3,
    ],
    [
      "TODO_REMINDER_IMMEDIATE",
      3,
    ],
    [
      "MORNING_REMINDER",
      5,
    ],
    [
      "EVENING_COMPLETE",
      5,
    ],
    [
      "EVENING_PARTIAL",
      4,
    ],
    [
      "EVENING_NONE",
      4,
    ],
    [
      "MORNING_NO_TODO",
      3,
    ],
    [
      "EVENING_STREAK",
      3,
    ],
    [
      "EVENING_STREAK_7",
      0,
    ],
    [
      "EVENING_STREAK_14",
      0,
    ],
    [
      "EVENING_STREAK_30",
      0,
    ],
    [
      "EVENING_STREAK_RISK_PARTIAL",
      3,
    ],
    [
      "EVENING_STREAK_RISK_NONE",
      3,
    ],
    [
      "LUNCH_NUDGE",
      4,
    ],
    [
      "STREAK_AT_RISK",
      3,
    ],
  ],
  "SOCIAL_TEMPLATES": [
    [
      "NUDGE_REPLIED",
      0,
    ],
    [
      "NUDGE_THANKED",
      0,
    ],
    [
      "FOLLOW_NEW",
      3,
    ],
    [
      "FOLLOW_ACCEPTED",
      3,
    ],
    [
      "NUDGE_RECEIVED",
      3,
    ],
    [
      "NUDGE_RECEIVED_WITH_MESSAGE",
      0,
    ],
    [
      "REMIND_NUDGE_RECEIVED",
      3,
    ],
    [
      "REMIND_NUDGE_RECEIVED_WITH_MESSAGE",
      0,
    ],
    [
      "CHEER_RECEIVED",
      0,
    ],
    [
      "CHEER_RECEIVED_NO_MESSAGE",
      3,
    ],
    [
      "FRIEND_COMPLETED",
      3,
    ],
    [
      "SOCIAL_DIGEST_MULTI",
      3,
    ],
    [
      "SOCIAL_DIGEST_SINGLE",
      3,
    ],
    [
      "NUDGE_SUGGEST",
      3,
    ],
    [
      "TODO_COMMENT",
      3,
    ],
    [
      "TODO_COMMENT_CHAIN",
      3,
    ],
    [
      "TODO_COMMENT_REPLY",
      3,
    ],
    [
      "TODO_COMMENT_REPLY_CHAIN",
      3,
    ],
    [
      "TODO_COMMENT_LIKE",
      3,
    ],
  ],
  "SYSTEM_TEMPLATES": [
    [
      "WINBACK_DAY3",
      3,
    ],
    [
      "WINBACK_DAY7",
      3,
    ],
    [
      "WINBACK_DAY14",
      3,
    ],
    [
      "WINBACK_DAY21",
      3,
    ],
    [
      "WINBACK_DAY30",
      3,
    ],
    [
      "WEEKLY_ACHIEVEMENT",
      3,
    ],
    [
      "WEEKLY_ACHIEVEMENT_PERFECT",
      3,
    ],
    [
      "WEEKLY_ACHIEVEMENT_ALMOST",
      3,
    ],
    [
      "WEEKLY_REPORT",
      0,
    ],
    [
      "MONTHLY_REPORT",
      0,
    ],
    [
      "AI_SUGGESTION",
      0,
    ],
    [
      "BILLING_ISSUE",
      0,
    ],
    [
      "ONBOARDING_DAY0",
      0,
    ],
    [
      "ONBOARDING_DAY1",
      0,
    ],
    [
      "ONBOARDING_DAY2",
      0,
    ],
    [
      "ONBOARDING_DAY3",
      0,
    ],
    [
      "ONBOARDING_DAY5",
      0,
    ],
    [
      "ONBOARDING_DAY7",
      0,
    ],
    [
      "MILESTONE_FIRST_COMPLETE",
      0,
    ],
    [
      "MILESTONE_10",
      0,
    ],
    [
      "MILESTONE_50",
      0,
    ],
    [
      "MILESTONE_100",
      0,
    ],
    [
      "MILESTONE_STREAK_3",
      0,
    ],
    [
      "MILESTONE_FIRST_FRIEND",
      0,
    ],
  ],
  "WEATHER_FALLBACK": [
    [
      "MORNING",
      0,
    ],
    [
      "EVENING",
      0,
    ],
  ],
  "WEATHER_TEMPLATES": [
    [
      "MORNING_CLEAR",
      2,
    ],
    [
      "MORNING_RAIN",
      2,
    ],
    [
      "MORNING_SNOW",
      2,
    ],
    [
      "EVENING_CLEAR",
      2,
    ],
    [
      "EVENING_RAIN",
      2,
    ],
    [
      "EVENING_SNOW",
      2,
    ],
  ],
}
`;
